// Jest Snapshot v1, https://goo.gl/fbAQLP

exports[`Login Page should compile 1`] = `
<div
  id="root0"
  ng-version="5.2.7"
>
  
  
  <!--bindings={
  "ng-reflect-ng-let": "false"
}-->
  <!---->
  
    
  <bc-login-form
    _nghost-c0=""
    class="ng-star-inserted"
    ng-reflect-pending="false"
  >
    
    
    <mat-card
      _ngcontent-c0=""
      class="mat-card"
    >
      
      
      <mat-card-title
        _ngcontent-c0=""
        class="mat-card-title"
      >
        Login
      </mat-card-title>
      
      
      <mat-card-content
        _ngcontent-c0=""
        class="mat-card-content"
      >
        
        
        <form
          _ngcontent-c0=""
          class="ng-untouched ng-pristine ng-valid"
          ng-reflect-form="[object Object]"
          novalidate=""
        >
          
          
          <p
            _ngcontent-c0=""
          >
            
            
            <mat-input-container
              _ngcontent-c0=""
              class="mat-input-container mat-form-field ng-tns-c2-0 mat-primary mat-form-field-type-mat-input mat-form-field-can-float mat-form-field-hide-placeholder ng-untouched ng-pristine ng-valid"
            >
              <div
                class="mat-input-wrapper mat-form-field-wrapper"
              >
                <div
                  class="mat-input-flex mat-form-field-flex"
                >
                  <!--bindings={
  "ng-reflect-ng-if": "0"
}-->
                  <div
                    class="mat-input-infix mat-form-field-infix"
                  >
                    
              
                    <input
                      _ngcontent-c0=""
                      aria-invalid="false"
                      aria-required="false"
                      class="mat-input-element mat-form-field-autofill-control ng-untouched ng-pristine ng-valid"
                      formcontrolname="username"
                      id="mat-input-0"
                      matinput=""
                      ng-reflect-name="username"
                      ng-reflect-placeholder="Username"
                      ng-reflect-type="text"
                      placeholder="Username"
                      type="text"
                    />
                    
            
                    <span
                      class="mat-form-field-label-wrapper mat-input-placeholder-wrapper mat-form-field-placeholder-wrapper"
                    >
                      <!--bindings={
  "ng-reflect-ng-if": "true"
}-->
                      <label
                        aria-owns="mat-input-0"
                        class="mat-form-field-label mat-input-placeholder mat-form-field-placeholder ng-tns-c2-0 mat-empty mat-form-field-empty ng-star-inserted"
                        for="mat-input-0"
                        ng-reflect-ng-switch="false"
                      >
                        <!--bindings={
  "ng-reflect-ng-switch-case": "false"
}-->
                        <!---->
                        Username
                        <!--bindings={
  "ng-reflect-ng-switch-case": "true"
}-->
                        <!--bindings={
  "ng-reflect-ng-if": "false"
}-->
                      </label>
                    </span>
                  </div>
                  <!--bindings={
  "ng-reflect-ng-if": "0"
}-->
                </div>
                <div
                  class="mat-input-underline mat-form-field-underline"
                >
                  <span
                    class="mat-input-ripple mat-form-field-ripple"
                  />
                </div>
                <div
                  class="mat-input-subscript-wrapper mat-form-field-subscript-wrapper"
                  ng-reflect-ng-switch="hint"
                >
                  <!--bindings={
  "ng-reflect-ng-switch-case": "error"
}-->
                  <!--bindings={
  "ng-reflect-ng-switch-case": "hint"
}-->
                  <div
                    class="mat-input-hint-wrapper mat-form-field-hint-wrapper ng-tns-c2-0 ng-trigger ng-trigger-transitionMessages ng-star-inserted"
                    style="opacity: 1;"
                  >
                    <!--bindings={
  "ng-reflect-ng-if": ""
}-->
                    <div
                      class="mat-input-hint-spacer mat-form-field-hint-spacer"
                    />
                  </div>
                </div>
              </div>
            </mat-input-container>
            
          
          </p>
          

          
          <p
            _ngcontent-c0=""
          >
            
            
            <mat-input-container
              _ngcontent-c0=""
              class="mat-input-container mat-form-field ng-tns-c2-1 mat-primary mat-form-field-type-mat-input mat-form-field-can-float mat-form-field-hide-placeholder ng-untouched ng-pristine ng-valid"
            >
              <div
                class="mat-input-wrapper mat-form-field-wrapper"
              >
                <div
                  class="mat-input-flex mat-form-field-flex"
                >
                  <!--bindings={
  "ng-reflect-ng-if": "0"
}-->
                  <div
                    class="mat-input-infix mat-form-field-infix"
                  >
                    
              
                    <input
                      _ngcontent-c0=""
                      aria-invalid="false"
                      aria-required="false"
                      class="mat-input-element mat-form-field-autofill-control ng-untouched ng-pristine ng-valid"
                      formcontrolname="password"
                      id="mat-input-1"
                      matinput=""
                      ng-reflect-name="password"
                      ng-reflect-placeholder="Password"
                      ng-reflect-type="password"
                      placeholder="Password"
                      type="password"
                    />
                    
            
                    <span
                      class="mat-form-field-label-wrapper mat-input-placeholder-wrapper mat-form-field-placeholder-wrapper"
                    >
                      <!--bindings={
  "ng-reflect-ng-if": "true"
}-->
                      <label
                        aria-owns="mat-input-1"
                        class="mat-form-field-label mat-input-placeholder mat-form-field-placeholder ng-tns-c2-1 mat-empty mat-form-field-empty ng-star-inserted"
                        for="mat-input-1"
                        ng-reflect-ng-switch="false"
                      >
                        <!--bindings={
  "ng-reflect-ng-switch-case": "false"
}-->
                        <!---->
                        Password
                        <!--bindings={
  "ng-reflect-ng-switch-case": "true"
}-->
                        <!--bindings={
  "ng-reflect-ng-if": "false"
}-->
                      </label>
                    </span>
                  </div>
                  <!--bindings={
  "ng-reflect-ng-if": "0"
}-->
                </div>
                <div
                  class="mat-input-underline mat-form-field-underline"
                >
                  <span
                    class="mat-input-ripple mat-form-field-ripple"
                  />
                </div>
                <div
                  class="mat-input-subscript-wrapper mat-form-field-subscript-wrapper"
                  ng-reflect-ng-switch="hint"
                >
                  <!--bindings={
  "ng-reflect-ng-switch-case": "error"
}-->
                  <!--bindings={
  "ng-reflect-ng-switch-case": "hint"
}-->
                  <div
                    class="mat-input-hint-wrapper mat-form-field-hint-wrapper ng-tns-c2-1 ng-trigger ng-trigger-transitionMessages ng-star-inserted"
                    style="opacity: 1;"
                  >
                    <!--bindings={
  "ng-reflect-ng-if": ""
}-->
                    <div
                      class="mat-input-hint-spacer mat-form-field-hint-spacer"
                    />
                  </div>
                </div>
              </div>
            </mat-input-container>
            
          
          </p>
          

          
          <!--bindings={
  "ng-reflect-ng-if": null
}-->
          

          
          <p
            _ngcontent-c0=""
            class="loginButtons"
          >
            
            
            <button
              _ngcontent-c0=""
              mat-button=""
              type="submit"
            >
              Login
            </button>
            
          
          </p>
          

        
        </form>
        
      
      </mat-card-content>
      
    
    </mat-card>
    
  
  </bc-login-form>
  
  
  
  
</div>
`;
