// Jest Snapshot v1, https://goo.gl/fbAQLP

exports[`Collection Page should compile 1`] = `
<div
  _nghost-c0=""
  id="root0"
  ng-version="5.2.7"
>
  
    
  <mat-card
    _ngcontent-c0=""
    class="mat-card"
  >
    
      
    <mat-card-title
      _ngcontent-c0=""
      class="mat-card-title"
    >
      My Collection
    </mat-card-title>
    
    
  </mat-card>
  

    
  <bc-book-preview-list
    _ngcontent-c0=""
    _nghost-c2=""
    ng-reflect-books=""
  >
    
    
    <!--bindings={
  "ng-reflect-ng-for-of": ""
}-->
    
  
  </bc-book-preview-list>
  
  
</div>
`;
