// Jest Snapshot v1, https://goo.gl/fbAQLP

exports[`Selected Book Page should compile 1`] = `
<div
  id="root0"
  ng-version="5.2.7"
>
  
    
  <bc-book-detail
    _nghost-c0=""
    ng-reflect-in-collection="false"
  >
    
    
    <!--bindings={
  "ng-reflect-ng-if": null
}-->
    

  
  </bc-book-detail>
  
  
</div>
`;
